components/AnimatedSplashScreen.tsx(66,9): error TS2322: Type '{ source: any; autoPlay: true; loop: false; resizeMode: "contain"; style: { width: "100%"; height: "100%"; }; onAnimationFinish: () => void; onError: (error: any) => void; }' is not assignable to type 'IntrinsicAttributes & IntrinsicClassAttributes<LottieView> & Pick<Readonly<Props>, never> & InexactPartial<...> & InexactPartial<...>'.
  Property 'onError' does not exist on type 'IntrinsicAttributes & IntrinsicClassAttributes<LottieView> & Pick<Readonly<Props>, never> & InexactPartial<...> & InexactPartial<...>'.
components/AnimatedSplashScreen.tsx(66,19): error TS7006: Parameter 'error' implicitly has an 'any' type.
